[    1718ms] CompileError: WebAssembly.instantiate(): Compiling or instantiating WebAssembly module violates the following Content Security policy directive because 'unsafe-eval' is not an allowed source of script in the following Content Security Policy directive: "script-src 'self' blob:".
    at https://frontend-production-6d80.up.railway.app/cesium/Cesium.js:6095:18183
    at https://frontend-production-6d80.up.railway.app/cesium/Cesium.js:6095:21892
    at https://frontend-production-6d80.up.railway.app/cesium/Cesium.js:16582:26456
[    1721ms] CompileError: WebAssembly.instantiate(): Compiling or instantiating WebAssembly module violates the following Content Security policy directive because 'unsafe-eval' is not an allowed source of script in the following Content Security Policy directive: "script-src 'self' blob:".
    at https://frontend-production-6d80.up.railway.app/cesium/Cesium.js:6095:48769
    at https://frontend-production-6d80.up.railway.app/cesium/Cesium.js:6095:51507
    at https://frontend-production-6d80.up.railway.app/cesium/Cesium.js:16582:26456
[    1721ms] CompileError: WebAssembly.instantiate(): Compiling or instantiating WebAssembly module violates the following Content Security policy directive because 'unsafe-eval' is not an allowed source of script in the following Content Security Policy directive: "script-src 'self' blob:".
    at https://frontend-production-6d80.up.railway.app/cesium/Cesium.js:6095:86369
    at https://frontend-production-6d80.up.railway.app/cesium/Cesium.js:6095:93881
    at https://frontend-production-6d80.up.railway.app/cesium/Cesium.js:16582:26456
[    1722ms] CompileError: WebAssembly.instantiate(): Compiling or instantiating WebAssembly module violates the following Content Security policy directive because 'unsafe-eval' is not an allowed source of script in the following Content Security Policy directive: "script-src 'self' blob:".
    at https://frontend-production-6d80.up.railway.app/cesium/Cesium.js:6095:112803
    at https://frontend-production-6d80.up.railway.app/cesium/Cesium.js:6095:116887
    at https://frontend-production-6d80.up.railway.app/cesium/Cesium.js:16582:26456
[    1717ms] [ERROR] Loading the stylesheet 'https://fonts.googleapis.com/css2?family=Sora:wght@300;400;500;600;700;800&family=Outfit:wght@300;400;500;600;700&family=JetBrains+Mono:wght@400;500;600&display=swap' violates the following Content Security Policy directive: "style-src 'self' 'unsafe-inline'". Note that 'style-src-elem' was not explicitly set, so 'style-src' is used as a fallback. The action has been blocked. @ https://frontend-production-6d80.up.railway.app/:16
[    2997ms] [ERROR] Connecting to 'https://backend-production-4b02.up.railway.app/api/v1/submissions/' violates the following Content Security Policy directive: "connect-src 'self' https://*.supabase.co https://*.cesium.com https://assets.cesium.com". The action has been blocked. @ https://frontend-production-6d80.up.railway.app/assets/index-B4sfx3cb.js:289
[    3302ms] [ERROR] Connecting to 'https://backend-production-4b02.up.railway.app/api/v1/leaderboard/' violates the following Content Security Policy directive: "connect-src 'self' https://*.supabase.co https://*.cesium.com https://assets.cesium.com". The action has been blocked. @ https://frontend-production-6d80.up.railway.app/assets/index-B4sfx3cb.js:289
[    3303ms] [ERROR] Connecting to 'https://backend-production-4b02.up.railway.app/api/v1/leaderboard/?limit=10' violates the following Content Security Policy directive: "connect-src 'self' https://*.supabase.co https://*.cesium.com https://assets.cesium.com". The action has been blocked. @ https://frontend-production-6d80.up.railway.app/assets/index-B4sfx3cb.js:289
[    3304ms] [ERROR] Connecting to 'https://backend-production-4b02.up.railway.app/api/v1/leaderboard/statistics' violates the following Content Security Policy directive: "connect-src 'self' https://*.supabase.co https://*.cesium.com https://assets.cesium.com". The action has been blocked. @ https://frontend-production-6d80.up.railway.app/assets/index-B4sfx3cb.js:289
[    3305ms] [ERROR] Connecting to 'https://backend-production-4b02.up.railway.app/api/v1/submissions/?limit=100' violates the following Content Security Policy directive: "connect-src 'self' https://*.supabase.co https://*.cesium.com https://assets.cesium.com". The action has been blocked. @ https://frontend-production-6d80.up.railway.app/assets/index-B4sfx3cb.js:289
[    4013ms] [ERROR] Connecting to 'https://backend-production-4b02.up.railway.app/api/v1/submissions/' violates the following Content Security Policy directive: "connect-src 'self' https://*.supabase.co https://*.cesium.com https://assets.cesium.com". The action has been blocked. @ https://frontend-production-6d80.up.railway.app/assets/index-B4sfx3cb.js:289
[    4304ms] [ERROR] Connecting to 'https://backend-production-4b02.up.railway.app/api/v1/leaderboard/' violates the following Content Security Policy directive: "connect-src 'self' https://*.supabase.co https://*.cesium.com https://assets.cesium.com". The action has been blocked. @ https://frontend-production-6d80.up.railway.app/assets/index-B4sfx3cb.js:289
[   23287ms] [ERROR] Connecting to 'https://backend-production-4b02.up.railway.app/api/v1/datasets/' violates the following Content Security Policy directive: "connect-src 'self' https://*.supabase.co https://*.cesium.com https://assets.cesium.com". The action has been blocked. @ https://frontend-production-6d80.up.railway.app/assets/index-B4sfx3cb.js:289
[   24302ms] [ERROR] Connecting to 'https://backend-production-4b02.up.railway.app/api/v1/datasets/' violates the following Content Security Policy directive: "connect-src 'self' https://*.supabase.co https://*.cesium.com https://assets.cesium.com". The action has been blocked. @ https://frontend-production-6d80.up.railway.app/assets/index-B4sfx3cb.js:289
